in_source: |
  str s1 "hello world!"
  : print_str
      begin
          dup @
          dup 0 != if
              out 1
              inc
          else
              drop
              exit
          then
      again
  ;
  s1 print_str
  halt
in_stdin: |

out_instructions: !!binary |
  /////wQAAAAEAAAESAAAAHAAAABcAAAADAAAAFwAAAAEAAAAIAAAAAQAABBYAAAATAAAABQAAAEs
  AAAABAAAFUQAAABgAAAABAAAFiwAAAAsAAAARAAAAHQAAAAEAAAERAAAAFQAAAA=
out_data: !!binary |
  AAAAaAAAAGUAAABsAAAAbAAAAG8AAAAgAAAAdwAAAG8AAAByAAAAbAAAAGQAAAAhAAAAAA==
out_stdout: |
  source LoC: 16 code instr: 25
  ============================================================
  output_buffer:hello world!
  ticks: 223

out_instructions_hex: |
  0 - 04000000 - lit 0
  1 - 04000004 - lit 4
  2 - 48000000 - call
  3 - 70000000 - halt
  4 - 5C000000 - dup
  5 - 0C000000 - load
  6 - 5C000000 - dup
  7 - 04000000 - lit 0
  8 - 20000000 - sub
  9 - 04000010 - lit 16
  10 - 58000000 - swap
  11 - 4C000000 - jz
  12 - 14000001 - out 1
  13 - 2C000000 - inc
  14 - 04000015 - lit 21
  15 - 44000000 - jump
  16 - 60000000 - drop
  17 - 04000016 - lit 22
  18 - 2C000000 - inc
  19 - 2C000000 - inc
  20 - 44000000 - jump
  21 - 74000000 - nop
  22 - 04000004 - lit 4
  23 - 44000000 - jump
  24 - 54000000 - ret
out_data_hex: |
  0 - 00000068
  1 - 00000065
  2 - 0000006C
  3 - 0000006C
  4 - 0000006F
  5 - 00000020
  6 - 00000077
  7 - 0000006F
  8 - 00000072
  9 - 0000006C
  10 - 00000064
  11 - 00000021
  12 - 00000000

out_log: |-
  DEBUG   machine:simulation    STATE: ProcessorState.NORMAL	TICK:   0 PC:   0/0 ADDR:   0 MEM_OUT: 104 TOS:   0 SP:  -1	 lit0	 0x4000000
  DEBUG   machine:simulation    STATE: ProcessorState.NORMAL	TICK:   1 PC:   1/0 ADDR:   0 MEM_OUT: 104 TOS:   0 SP:   0	 lit4	 0x4000004
  DEBUG   machine:simulation    STATE: ProcessorState.NORMAL	TICK:   2 PC:   2/0 ADDR:   0 MEM_OUT: 104 TOS:   4 SP:   1	 call	 0x48000000
  DEBUG   machine:simulation    STATE: ProcessorState.NORMAL	TICK:   3 PC:   4/0 ADDR:   0 MEM_OUT: 104 TOS:   0 SP:   0	 dup	 0x5c000000
  DEBUG   machine:simulation    STATE: ProcessorState.NORMAL	TICK:   4 PC:   5/0 ADDR:   0 MEM_OUT: 104 TOS:   0 SP:   1	 load	 0xc000000
  DEBUG   machine:simulation    STATE: ProcessorState.NORMAL	TICK:   5 PC:   5/1 ADDR:   0 MEM_OUT: 104 TOS:   0 SP:   1	 load	 0xc000000
  DEBUG   machine:simulation    STATE: ProcessorState.NORMAL	TICK:   6 PC:   6/0 ADDR:   0 MEM_OUT: 104 TOS: 104 SP:   1	 dup	 0x5c000000
  DEBUG   machine:simulation    STATE: ProcessorState.NORMAL	TICK:   7 PC:   7/0 ADDR:   0 MEM_OUT: 104 TOS: 104 SP:   2	 lit0	 0x4000000
  DEBUG   machine:simulation    STATE: ProcessorState.NORMAL	TICK:   8 PC:   8/0 ADDR:   0 MEM_OUT: 104 TOS:   0 SP:   3	 sub	 0x20000000
  DEBUG   machine:simulation    STATE: ProcessorState.NORMAL	TICK:   9 PC:   9/0 ADDR:   0 MEM_OUT: 104 TOS: -104 SP:   2	 lit16	 0x4000010
  DEBUG   machine:simulation    STATE: ProcessorState.NORMAL	TICK:  10 PC:  10/0 ADDR:   0 MEM_OUT: 104 TOS:  16 SP:   3	 swap	 0x58000000
  DEBUG   machine:simulation    STATE: ProcessorState.NORMAL	TICK:  11 PC:  11/0 ADDR:   0 MEM_OUT: 104 TOS: -104 SP:   3	 jz 	 0x4c000000
  DEBUG   machine:simulation    STATE: ProcessorState.NORMAL	TICK:  12 PC:  11/1 ADDR:   0 MEM_OUT: 104 TOS:  16 SP:   2	 jz 	 0x4c000000
  DEBUG   machine:simulation    STATE: ProcessorState.NORMAL	TICK:  13 PC:  12/0 ADDR:   0 MEM_OUT: 104 TOS: 104 SP:   1	 out1	 0x14000001
  DEBUG   machine:simulation    STATE: ProcessorState.NORMAL	TICK:  14 PC:  13/0 ADDR:   0 MEM_OUT: 104 TOS:   0 SP:   0	 inc	 0x2c000000
  DEBUG   machine:simulation    STATE: ProcessorState.NORMAL	TICK:  15 PC:  14/0 ADDR:   0 MEM_OUT: 104 TOS:   1 SP:   0	 lit21	 0x4000015
  DEBUG   machine:simulation    STATE: ProcessorState.NORMAL	TICK:  16 PC:  15/0 ADDR:   0 MEM_OUT: 104 TOS:  21 SP:   1	 jump	 0x44000000
  DEBUG   machine:simulation    STATE: ProcessorState.NORMAL	TICK:  17 PC:  21/0 ADDR:   0 MEM_OUT: 104 TOS:   1 SP:   0	 nop	 0x74000000
  DEBUG   machine:simulation    STATE: ProcessorState.NORMAL	TICK:  18 PC:  22/0 ADDR:   0 MEM_OUT: 104 TOS:   1 SP:   0	 lit4	 0x4000004
  DEBUG   machine:simulation    STATE: ProcessorState.NORMAL	TICK:  19 PC:  23/0 ADDR:   0 MEM_OUT: 104 TOS:   4 SP:   1	 jump	 0x44000000
  DEBUG   machine:simulation    STATE: ProcessorState.NORMAL	TICK:  20 PC:   4/0 ADDR:   0 MEM_OUT: 104 TOS:   1 SP:   0	 dup	 0x5c000000
  DEBUG   machine:simulation    STATE: ProcessorState.NORMAL	TICK:  21 PC:   5/0 ADDR:   0 MEM_OUT: 104 TOS:   1 SP:   1	 load	 0xc000000
  DEBUG   machine:simulation    STATE: ProcessorState.NORMAL	TICK:  22 PC:   5/1 ADDR:   1 MEM_OUT: 101 TOS:   1 SP:   1	 load	 0xc000000
  DEBUG   machine:simulation    STATE: ProcessorState.NORMAL	TICK:  23 PC:   6/0 ADDR:   1 MEM_OUT: 101 TOS: 101 SP:   1	 dup	 0x5c000000
  DEBUG   machine:simulation    STATE: ProcessorState.NORMAL	TICK:  24 PC:   7/0 ADDR:   1 MEM_OUT: 101 TOS: 101 SP:   2	 lit0	 0x4000000
  DEBUG   machine:simulation    STATE: ProcessorState.NORMAL	TICK:  25 PC:   8/0 ADDR:   1 MEM_OUT: 101 TOS:   0 SP:   3	 sub	 0x20000000
  DEBUG   machine:simulation    STATE: ProcessorState.NORMAL	TICK:  26 PC:   9/0 ADDR:   1 MEM_OUT: 101 TOS: -101 SP:   2	 lit16	 0x4000010
  DEBUG   machine:simulation    STATE: ProcessorState.NORMAL	TICK:  27 PC:  10/0 ADDR:   1 MEM_OUT: 101 TOS:  16 SP:   3	 swap	 0x58000000
  DEBUG   machine:simulation    STATE: ProcessorState.NORMAL	TICK:  28 PC:  11/0 ADDR:   1 MEM_OUT: 101 TOS: -101 SP:   3	 jz 	 0x4c000000
  DEBUG   machine:simulation    STATE: ProcessorState.NORMAL	TICK:  29 PC:  11/1 ADDR:   1 MEM_OUT: 101 TOS:  16 SP:   2	 jz 	 0x4c000000
  DEBUG   machine:simulation    STATE: ProcessorState.NORMAL	TICK:  30 PC:  12/0 ADDR:   1 MEM_OUT: 101 TOS: 101 SP:   1	 out1	 0x14000001
  DEBUG   machine:simulation    STATE: ProcessorState.NORMAL	TICK:  31 PC:  13/0 ADDR:   1 MEM_OUT: 101 TOS:   1 SP:   0	 inc	 0x2c000000
  DEBUG   machine:simulation    STATE: ProcessorState.NORMAL	TICK:  32 PC:  14/0 ADDR:   1 MEM_OUT: 101 TOS:   2 SP:   0	 lit21	 0x4000015
  DEBUG   machine:simulation    STATE: ProcessorState.NORMAL	TICK:  33 PC:  15/0 ADDR:   1 MEM_OUT: 101 TOS:  21 SP:   1	 jump	 0x44000000
  DEBUG   machine:simulation    STATE: ProcessorState.NORMAL	TICK:  34 PC:  21/0 ADDR:   1 MEM_OUT: 101 TOS:   2 SP:   0	 nop	 0x74000000
  DEBUG   machine:simulation    STATE: ProcessorState.NORMAL	TICK:  35 PC:  22/0 ADDR:   1 MEM_OUT: 101 TOS:   2 SP:   0	 lit4	 0x4000004
  DEBUG   machine:simulation    STATE: ProcessorState.NORMAL	TICK:  36 PC:  23/0 ADDR:   1 MEM_OUT: 101 TOS:   4 SP:   1	 jump	 0x44000000
  DEBUG   machine:simulation    STATE: ProcessorState.NORMAL	TICK:  37 PC:   4/0 ADDR:   1 MEM_OUT: 101 TOS:   2 SP:   0	 dup	 0x5c000000
  DEBUG   machine:simulation    STATE: ProcessorState.NORMAL	TICK:  38 PC:   5/0 ADDR:   1 MEM_OUT: 101 TOS:   2 SP:   1	 load	 0xc000000
  DEBUG   machine:simulation    STATE: ProcessorState.NORMAL	TICK:  39 PC:   5/1 ADDR:   2 MEM_OUT: 108 TOS:   2 SP:   1	 load	 0xc000000
  DEBUG   machine:simulation    STATE: ProcessorState.NORMAL	TICK:  40 PC:   6/0 ADDR:   2 MEM_OUT: 108 TOS: 108 SP:   1	 dup	 0x5c000000
  DEBUG   machine:simulation    STATE: ProcessorState.NORMAL	TICK:  41 PC:   7/0 ADDR:   2 MEM_OUT: 108 TOS: 108 SP:   2	 lit0	 0x4000000
  DEBUG   machine:simulation    STATE: ProcessorState.NORMAL	TICK:  42 PC:   8/0 ADDR:   2 MEM_OUT: 108 TOS:   0 SP:   3	 sub	 0x20000000
  DEBUG   machine:simulation    STATE: ProcessorState.NORMAL	TICK:  43 PC:   9/0 ADDR:   2 MEM_OUT: 108 TOS: -108 SP:   2	 lit16	 0x4000010
  DEBUG   machine:simulation    STATE: ProcessorState.NORMAL	TICK:  44 PC:  10/0 ADDR:   2 MEM_OUT: 108 TOS:  16 SP:   3	 swap	 0x58000000
  DEBUG   machine:simulation    STATE: ProcessorState.NORMAL	TICK:  45 PC:  11/0 ADDR:   2 MEM_OUT: 108 TOS: -108 SP:   3	 jz 	 0x4c000000
  DEBUG   machine:simulation    STATE: ProcessorState.NORMAL	TICK:  46 PC:  11/1 ADDR:   2 MEM_OUT: 108 TOS:  16 SP:   2	 jz 	 0x4c000000
  DEBUG   machine:simulation    STATE: ProcessorState.NORMAL	TICK:  47 PC:  12/0 ADDR:   2 MEM_OUT: 108 TOS: 108 SP:   1	 out1	 0x14000001
  DEBUG   machine:simulation    STATE: ProcessorState.NORMAL	TICK:  48 PC:  13/0 ADDR:   2 MEM_OUT: 108 TOS:   2 SP:   0	 inc	 0x2c000000
  DEBUG   machine:simulation    STATE: ProcessorState.NORMAL	TICK:  49 PC:  14/0 ADDR:   2 MEM_OUT: 108 TOS:   3 SP:   0	 lit21	 0x4000015
  DEBUG   machine:simulation    STATE: ProcessorState.NORMAL	TICK:  50 PC:  15/0 ADDR:   2 MEM_OUT: 108 TOS:  21 SP:   1	 jump	 0x44000000
  DEBUG   machine:simulation    STATE: ProcessorState.NORMAL	TICK:  51 PC:  21/0 ADDR:   2 MEM_OUT: 108 TOS:   3 SP:   0	 nop	 0x74000000
  DEBUG   machine:simulation    STATE: ProcessorState.NORMAL	TICK:  52 PC:  22/0 ADDR:   2 MEM_OUT: 108 TOS:   3 SP:   0	 lit4	 0x4000004
  DEBUG   machine:simulation    STATE: ProcessorState.NORMAL	TICK:  53 PC:  23/0 ADDR:   2 MEM_OUT: 108 TOS:   4 SP:   1	 jump	 0x44000000
  DEBUG   machine:simulation    STATE: ProcessorState.NORMAL	TICK:  54 PC:   4/0 ADDR:   2 MEM_OUT: 108 TOS:   3 SP:   0	 dup	 0x5c000000
  DEBUG   machine:simulation    STATE: ProcessorState.NORMAL	TICK:  55 PC:   5/0 ADDR:   2 MEM_OUT: 108 TOS:   3 SP:   1	 load	 0xc000000
  DEBUG   machine:simulation    STATE: ProcessorState.NORMAL	TICK:  56 PC:   5/1 ADDR:   3 MEM_OUT: 108 TOS:   3 SP:   1	 load	 0xc000000
  DEBUG   machine:simulation    STATE: ProcessorState.NORMAL	TICK:  57 PC:   6/0 ADDR:   3 MEM_OUT: 108 TOS: 108 SP:   1	 dup	 0x5c000000
  DEBUG   machine:simulation    STATE: ProcessorState.NORMAL	TICK:  58 PC:   7/0 ADDR:   3 MEM_OUT: 108 TOS: 108 SP:   2	 lit0	 0x4000000
  DEBUG   machine:simulation    STATE: ProcessorState.NORMAL	TICK:  59 PC:   8/0 ADDR:   3 MEM_OUT: 108 TOS:   0 SP:   3	 sub	 0x20000000
  DEBUG   machine:simulation    STATE: ProcessorState.NORMAL	TICK:  60 PC:   9/0 ADDR:   3 MEM_OUT: 108 TOS: -108 SP:   2	 lit16	 0x4000010
  DEBUG   machine:simulation    STATE: ProcessorState.NORMAL	TICK:  61 PC:  10/0 ADDR:   3 MEM_OUT: 108 TOS:  16 SP:   3	 swap	 0x58000000
  DEBUG   machine:simulation    STATE: ProcessorState.NORMAL	TICK:  62 PC:  11/0 ADDR:   3 MEM_OUT: 108 TOS: -108 SP:   3	 jz 	 0x4c000000
  DEBUG   machine:simulation    STATE: ProcessorState.NORMAL	TICK:  63 PC:  11/1 ADDR:   3 MEM_OUT: 108 TOS:  16 SP:   2	 jz 	 0x4c000000
  DEBUG   machine:simulation    STATE: ProcessorState.NORMAL	TICK:  64 PC:  12/0 ADDR:   3 MEM_OUT: 108 TOS: 108 SP:   1	 out1	 0x14000001
  DEBUG   machine:simulation    STATE: ProcessorState.NORMAL	TICK:  65 PC:  13/0 ADDR:   3 MEM_OUT: 108 TOS:   3 SP:   0	 inc	 0x2c000000
  DEBUG   machine:simulation    STATE: ProcessorState.NORMAL	TICK:  66 PC:  14/0 ADDR:   3 MEM_OUT: 108 TOS:   4 SP:   0	 lit21	 0x4000015
  DEBUG   machine:simulation    STATE: ProcessorState.NORMAL	TICK:  67 PC:  15/0 ADDR:   3 MEM_OUT: 108 TOS:  21 SP:   1	 jump	 0x44000000
  DEBUG   machine:simulation    STATE: ProcessorState.NORMAL	TICK:  68 PC:  21/0 ADDR:   3 MEM_OUT: 108 TOS:   4 SP:   0	 nop	 0x74000000
  DEBUG   machine:simulation    STATE: ProcessorState.NORMAL	TICK:  69 PC:  22/0 ADDR:   3 MEM_OUT: 108 TOS:   4 SP:   0	 lit4	 0x4000004
  DEBUG   machine:simulation    STATE: ProcessorState.NORMAL	TICK:  70 PC:  23/0 ADDR:   3 MEM_OUT: 108 TOS:   4 SP:   1	 jump	 0x44000000
  DEBUG   machine:simulation    STATE: ProcessorState.NORMAL	TICK:  71 PC:   4/0 ADDR:   3 MEM_OUT: 108 TOS:   4 SP:   0	 dup	 0x5c000000
  DEBUG   machine:simulation    STATE: ProcessorState.NORMAL	TICK:  72 PC:   5/0 ADDR:   3 MEM_OUT: 108 TOS:   4 SP:   1	 load	 0xc000000
  DEBUG   machine:simulation    STATE: ProcessorState.NORMAL	TICK:  73 PC:   5/1 ADDR:   4 MEM_OUT: 111 TOS:   4 SP:   1	 load	 0xc000000
  DEBUG   machine:simulation    STATE: ProcessorState.NORMAL	TICK:  74 PC:   6/0 ADDR:   4 MEM_OUT: 111 TOS: 111 SP:   1	 dup	 0x5c000000
  DEBUG   machine:simulation    STATE: ProcessorState.NORMAL	TICK:  75 PC:   7/0 ADDR:   4 MEM_OUT: 111 TOS: 111 SP:   2	 lit0	 0x4000000
  DEBUG   machine:simulation    STATE: ProcessorState.NORMAL	TICK:  76 PC:   8/0 ADDR:   4 MEM_OUT: 111 TOS:   0 SP:   3	 sub	 0x20000000
  DEBUG   machine:simulation    STATE: ProcessorState.NORMAL	TICK:  77 PC:   9/0 ADDR:   4 MEM_OUT: 111 TOS: -111 SP:   2	 lit16	 0x4000010
  DEBUG   machine:simulation    STATE: ProcessorState.NORMAL	TICK:  78 PC:  10/0 ADDR:   4 MEM_OUT: 111 TOS:  16 SP:   3	 swap	 0x58000000
  DEBUG   machine:simulation    STATE: ProcessorState.NORMAL	TICK:  79 PC:  11/0 ADDR:   4 MEM_OUT: 111 TOS: -111 SP:   3	 jz 	 0x4c000000
  DEBUG   machine:simulation    STATE: ProcessorState.NORMAL	TICK:  80 PC:  11/1 ADDR:   4 MEM_OUT: 111 TOS:  16 SP:   2	 jz 	 0x4c000000
  DEBUG   machine:simulation    STATE: ProcessorState.NORMAL	TICK:  81 PC:  12/0 ADDR:   4 MEM_OUT: 111 TOS: 111 SP:   1	 out1	 0x14000001
  DEBUG   machine:simulation    STATE: ProcessorState.NORMAL	TICK:  82 PC:  13/0 ADDR:   4 MEM_OUT: 111 TOS:   4 SP:   0	 inc	 0x2c000000
  DEBUG   machine:simulation    STATE: ProcessorState.NORMAL	TICK:  83 PC:  14/0 ADDR:   4 MEM_OUT: 111 TOS:   5 SP:   0	 lit21	 0x4000015
  DEBUG   machine:simulation    STATE: ProcessorState.NORMAL	TICK:  84 PC:  15/0 ADDR:   4 MEM_OUT: 111 TOS:  21 SP:   1	 jump	 0x44000000
  DEBUG   machine:simulation    STATE: ProcessorState.NORMAL	TICK:  85 PC:  21/0 ADDR:   4 MEM_OUT: 111 TOS:   5 SP:   0	 nop	 0x74000000
  DEBUG   machine:simulation    STATE: ProcessorState.NORMAL	TICK:  86 PC:  22/0 ADDR:   4 MEM_OUT: 111 TOS:   5 SP:   0	 lit4	 0x4000004
  DEBUG   machine:simulation    STATE: ProcessorState.NORMAL	TICK:  87 PC:  23/0 ADDR:   4 MEM_OUT: 111 TOS:   4 SP:   1	 jump	 0x44000000
  DEBUG   machine:simulation    STATE: ProcessorState.NORMAL	TICK:  88 PC:   4/0 ADDR:   4 MEM_OUT: 111 TOS:   5 SP:   0	 dup	 0x5c000000
  DEBUG   machine:simulation    STATE: ProcessorState.NORMAL	TICK:  89 PC:   5/0 ADDR:   4 MEM_OUT: 111 TOS:   5 SP:   1	 load	 0xc000000
  DEBUG   machine:simulation    STATE: ProcessorState.NORMAL	TICK:  90 PC:   5/1 ADDR:   5 MEM_OUT:  32 TOS:   5 SP:   1	 load	 0xc000000
  DEBUG   machine:simulation    STATE: ProcessorState.NORMAL	TICK:  91 PC:   6/0 ADDR:   5 MEM_OUT:  32 TOS:  32 SP:   1	 dup	 0x5c000000
  DEBUG   machine:simulation    STATE: ProcessorState.NORMAL	TICK:  92 PC:   7/0 ADDR:   5 MEM_OUT:  32 TOS:  32 SP:   2	 lit0	 0x4000000
  DEBUG   machine:simulation    STATE: ProcessorState.NORMAL	TICK:  93 PC:   8/0 ADDR:   5 MEM_OUT:  32 TOS:   0 SP:   3	 sub	 0x20000000
  DEBUG   machine:simulation    STATE: ProcessorState.NORMAL	TICK:  94 PC:   9/0 ADDR:   5 MEM_OUT:  32 TOS: -32 SP:   2	 lit16	 0x4000010
  DEBUG   machine:simulation    STATE: ProcessorState.NORMAL	TICK:  95 PC:  10/0 ADDR:   5 MEM_OUT:  32 TOS:  16 SP:   3	 swap	 0x58000000
  DEBUG   machine:simulation    STATE: ProcessorState.NORMAL	TICK:  96 PC:  11/0 ADDR:   5 MEM_OUT:  32 TOS: -32 SP:   3	 jz 	 0x4c000000
  DEBUG   machine:simulation    STATE: ProcessorState.NORMAL	TICK:  97 PC:  11/1 ADDR:   5 MEM_OUT:  32 TOS:  16 SP:   2	 jz 	 0x4c000000
  DEBUG   machine:simulation    STATE: ProcessorState.NORMAL	TICK:  98 PC:  12/0 ADDR:   5 MEM_OUT:  32 TOS:  32 SP:   1	 out1	 0x14000001
  DEBUG   machine:simulation    STATE: ProcessorState.NORMAL	TICK:  99 PC:  13/0 ADDR:   5 MEM_OUT:  32 TOS:   5 SP:   0	 inc	 0x2c000000
  DEBUG   machine:simulation    STATE: ProcessorState.NORMAL	TICK: 100 PC:  14/0 ADDR:   5 MEM_OUT:  32 TOS:   6 SP:   0	 lit21	 0x4000015
  DEBUG   machine:simulation    STATE: ProcessorState.NORMAL	TICK: 101 PC:  15/0 ADDR:   5 MEM_OUT:  32 TOS:  21 SP:   1	 jump	 0x44000000
  DEBUG   machine:simulation    STATE: ProcessorState.NORMAL	TICK: 102 PC:  21/0 ADDR:   5 MEM_OUT:  32 TOS:   6 SP:   0	 nop	 0x74000000
  DEBUG   machine:simulation    STATE: ProcessorState.NORMAL	TICK: 103 PC:  22/0 ADDR:   5 MEM_OUT:  32 TOS:   6 SP:   0	 lit4	 0x4000004
  DEBUG   machine:simulation    STATE: ProcessorState.NORMAL	TICK: 104 PC:  23/0 ADDR:   5 MEM_OUT:  32 TOS:   4 SP:   1	 jump	 0x44000000
  DEBUG   machine:simulation    STATE: ProcessorState.NORMAL	TICK: 105 PC:   4/0 ADDR:   5 MEM_OUT:  32 TOS:   6 SP:   0	 dup	 0x5c000000
  DEBUG   machine:simulation    STATE: ProcessorState.NORMAL	TICK: 106 PC:   5/0 ADDR:   5 MEM_OUT:  32 TOS:   6 SP:   1	 load	 0xc000000
  DEBUG   machine:simulation    STATE: ProcessorState.NORMAL	TICK: 107 PC:   5/1 ADDR:   6 MEM_OUT: 119 TOS:   6 SP:   1	 load	 0xc000000
  DEBUG   machine:simulation    STATE: ProcessorState.NORMAL	TICK: 108 PC:   6/0 ADDR:   6 MEM_OUT: 119 TOS: 119 SP:   1	 dup	 0x5c000000
  DEBUG   machine:simulation    STATE: ProcessorState.NORMAL	TICK: 109 PC:   7/0 ADDR:   6 MEM_OUT: 119 TOS: 119 SP:   2	 lit0	 0x4000000
  DEBUG   machine:simulation    STATE: ProcessorState.NORMAL	TICK: 110 PC:   8/0 ADDR:   6 MEM_OUT: 119 TOS:   0 SP:   3	 sub	 0x20000000
  DEBUG   machine:simulation    STATE: ProcessorState.NORMAL	TICK: 111 PC:   9/0 ADDR:   6 MEM_OUT: 119 TOS: -119 SP:   2	 lit16	 0x4000010
  DEBUG   machine:simulation    STATE: ProcessorState.NORMAL	TICK: 112 PC:  10/0 ADDR:   6 MEM_OUT: 119 TOS:  16 SP:   3	 swap	 0x58000000
  DEBUG   machine:simulation    STATE: ProcessorState.NORMAL	TICK: 113 PC:  11/0 ADDR:   6 MEM_OUT: 119 TOS: -119 SP:   3	 jz 	 0x4c000000
  DEBUG   machine:simulation    STATE: ProcessorState.NORMAL	TICK: 114 PC:  11/1 ADDR:   6 MEM_OUT: 119 TOS:  16 SP:   2	 jz 	 0x4c000000
  DEBUG   machine:simulation    STATE: ProcessorState.NORMAL	TICK: 115 PC:  12/0 ADDR:   6 MEM_OUT: 119 TOS: 119 SP:   1	 out1	 0x14000001
  DEBUG   machine:simulation    STATE: ProcessorState.NORMAL	TICK: 116 PC:  13/0 ADDR:   6 MEM_OUT: 119 TOS:   6 SP:   0	 inc	 0x2c000000
  DEBUG   machine:simulation    STATE: ProcessorState.NORMAL	TICK: 117 PC:  14/0 ADDR:   6 MEM_OUT: 119 TOS:   7 SP:   0	 lit21	 0x4000015
  DEBUG   machine:simulation    STATE: ProcessorState.NORMAL	TICK: 118 PC:  15/0 ADDR:   6 MEM_OUT: 119 TOS:  21 SP:   1	 jump	 0x44000000
  DEBUG   machine:simulation    STATE: ProcessorState.NORMAL	TICK: 119 PC:  21/0 ADDR:   6 MEM_OUT: 119 TOS:   7 SP:   0	 nop	 0x74000000
  DEBUG   machine:simulation    STATE: ProcessorState.NORMAL	TICK: 120 PC:  22/0 ADDR:   6 MEM_OUT: 119 TOS:   7 SP:   0	 lit4	 0x4000004
  DEBUG   machine:simulation    STATE: ProcessorState.NORMAL	TICK: 121 PC:  23/0 ADDR:   6 MEM_OUT: 119 TOS:   4 SP:   1	 jump	 0x44000000
  DEBUG   machine:simulation    STATE: ProcessorState.NORMAL	TICK: 122 PC:   4/0 ADDR:   6 MEM_OUT: 119 TOS:   7 SP:   0	 dup	 0x5c000000
  DEBUG   machine:simulation    STATE: ProcessorState.NORMAL	TICK: 123 PC:   5/0 ADDR:   6 MEM_OUT: 119 TOS:   7 SP:   1	 load	 0xc000000
  DEBUG   machine:simulation    STATE: ProcessorState.NORMAL	TICK: 124 PC:   5/1 ADDR:   7 MEM_OUT: 111 TOS:   7 SP:   1	 load	 0xc000000
  DEBUG   machine:simulation    STATE: ProcessorState.NORMAL	TICK: 125 PC:   6/0 ADDR:   7 MEM_OUT: 111 TOS: 111 SP:   1	 dup	 0x5c000000
  DEBUG   machine:simulation    STATE: ProcessorState.NORMAL	TICK: 126 PC:   7/0 ADDR:   7 MEM_OUT: 111 TOS: 111 SP:   2	 lit0	 0x4000000
  DEBUG   machine:simulation    STATE: ProcessorState.NORMAL	TICK: 127 PC:   8/0 ADDR:   7 MEM_OUT: 111 TOS:   0 SP:   3	 sub	 0x20000000
  DEBUG   machine:simulation    STATE: ProcessorState.NORMAL	TICK: 128 PC:   9/0 ADDR:   7 MEM_OUT: 111 TOS: -111 SP:   2	 lit16	 0x4000010
  DEBUG   machine:simulation    STATE: ProcessorState.NORMAL	TICK: 129 PC:  10/0 ADDR:   7 MEM_OUT: 111 TOS:  16 SP:   3	 swap	 0x58000000
  DEBUG   machine:simulation    STATE: ProcessorState.NORMAL	TICK: 130 PC:  11/0 ADDR:   7 MEM_OUT: 111 TOS: -111 SP:   3	 jz 	 0x4c000000
  DEBUG   machine:simulation    STATE: ProcessorState.NORMAL	TICK: 131 PC:  11/1 ADDR:   7 MEM_OUT: 111 TOS:  16 SP:   2	 jz 	 0x4c000000
  DEBUG   machine:simulation    STATE: ProcessorState.NORMAL	TICK: 132 PC:  12/0 ADDR:   7 MEM_OUT: 111 TOS: 111 SP:   1	 out1	 0x14000001
  DEBUG   machine:simulation    STATE: ProcessorState.NORMAL	TICK: 133 PC:  13/0 ADDR:   7 MEM_OUT: 111 TOS:   7 SP:   0	 inc	 0x2c000000
  DEBUG   machine:simulation    STATE: ProcessorState.NORMAL	TICK: 134 PC:  14/0 ADDR:   7 MEM_OUT: 111 TOS:   8 SP:   0	 lit21	 0x4000015
  DEBUG   machine:simulation    STATE: ProcessorState.NORMAL	TICK: 135 PC:  15/0 ADDR:   7 MEM_OUT: 111 TOS:  21 SP:   1	 jump	 0x44000000
  DEBUG   machine:simulation    STATE: ProcessorState.NORMAL	TICK: 136 PC:  21/0 ADDR:   7 MEM_OUT: 111 TOS:   8 SP:   0	 nop	 0x74000000
  DEBUG   machine:simulation    STATE: ProcessorState.NORMAL	TICK: 137 PC:  22/0 ADDR:   7 MEM_OUT: 111 TOS:   8 SP:   0	 lit4	 0x4000004
  DEBUG   machine:simulation    STATE: ProcessorState.NORMAL	TICK: 138 PC:  23/0 ADDR:   7 MEM_OUT: 111 TOS:   4 SP:   1	 jump	 0x44000000
  DEBUG   machine:simulation    STATE: ProcessorState.NORMAL	TICK: 139 PC:   4/0 ADDR:   7 MEM_OUT: 111 TOS:   8 SP:   0	 dup	 0x5c000000
  DEBUG   machine:simulation    STATE: ProcessorState.NORMAL	TICK: 140 PC:   5/0 ADDR:   7 MEM_OUT: 111 TOS:   8 SP:   1	 load	 0xc000000
  DEBUG   machine:simulation    STATE: ProcessorState.NORMAL	TICK: 141 PC:   5/1 ADDR:   8 MEM_OUT: 114 TOS:   8 SP:   1	 load	 0xc000000
  DEBUG   machine:simulation    STATE: ProcessorState.NORMAL	TICK: 142 PC:   6/0 ADDR:   8 MEM_OUT: 114 TOS: 114 SP:   1	 dup	 0x5c000000
  DEBUG   machine:simulation    STATE: ProcessorState.NORMAL	TICK: 143 PC:   7/0 ADDR:   8 MEM_OUT: 114 TOS: 114 SP:   2	 lit0	 0x4000000
  DEBUG   machine:simulation    STATE: ProcessorState.NORMAL	TICK: 144 PC:   8/0 ADDR:   8 MEM_OUT: 114 TOS:   0 SP:   3	 sub	 0x20000000
  DEBUG   machine:simulation    STATE: ProcessorState.NORMAL	TICK: 145 PC:   9/0 ADDR:   8 MEM_OUT: 114 TOS: -114 SP:   2	 lit16	 0x4000010
  DEBUG   machine:simulation    STATE: ProcessorState.NORMAL	TICK: 146 PC:  10/0 ADDR:   8 MEM_OUT: 114 TOS:  16 SP:   3	 swap	 0x58000000
  DEBUG   machine:simulation    STATE: ProcessorState.NORMAL	TICK: 147 PC:  11/0 ADDR:   8 MEM_OUT: 114 TOS: -114 SP:   3	 jz 	 0x4c000000
  DEBUG   machine:simulation    STATE: ProcessorState.NORMAL	TICK: 148 PC:  11/1 ADDR:   8 MEM_OUT: 114 TOS:  16 SP:   2	 jz 	 0x4c000000
  DEBUG   machine:simulation    STATE: ProcessorState.NORMAL	TICK: 149 PC:  12/0 ADDR:   8 MEM_OUT: 114 TOS: 114 SP:   1	 out1	 0x14000001
  DEBUG   machine:simulation    STATE: ProcessorState.NORMAL	TICK: 150 PC:  13/0 ADDR:   8 MEM_OUT: 114 TOS:   8 SP:   0	 inc	 0x2c000000
  DEBUG   machine:simulation    STATE: ProcessorState.NORMAL	TICK: 151 PC:  14/0 ADDR:   8 MEM_OUT: 114 TOS:   9 SP:   0	 lit21	 0x4000015
  DEBUG   machine:simulation    STATE: ProcessorState.NORMAL	TICK: 152 PC:  15/0 ADDR:   8 MEM_OUT: 114 TOS:  21 SP:   1	 jump	 0x44000000
  DEBUG   machine:simulation    STATE: ProcessorState.NORMAL	TICK: 153 PC:  21/0 ADDR:   8 MEM_OUT: 114 TOS:   9 SP:   0	 nop	 0x74000000
  DEBUG   machine:simulation    STATE: ProcessorState.NORMAL	TICK: 154 PC:  22/0 ADDR:   8 MEM_OUT: 114 TOS:   9 SP:   0	 lit4	 0x4000004
  DEBUG   machine:simulation    STATE: ProcessorState.NORMAL	TICK: 155 PC:  23/0 ADDR:   8 MEM_OUT: 114 TOS:   4 SP:   1	 jump	 0x44000000
  DEBUG   machine:simulation    STATE: ProcessorState.NORMAL	TICK: 156 PC:   4/0 ADDR:   8 MEM_OUT: 114 TOS:   9 SP:   0	 dup	 0x5c000000
  DEBUG   machine:simulation    STATE: ProcessorState.NORMAL	TICK: 157 PC:   5/0 ADDR:   8 MEM_OUT: 114 TOS:   9 SP:   1	 load	 0xc000000
  DEBUG   machine:simulation    STATE: ProcessorState.NORMAL	TICK: 158 PC:   5/1 ADDR:   9 MEM_OUT: 108 TOS:   9 SP:   1	 load	 0xc000000
  DEBUG   machine:simulation    STATE: ProcessorState.NORMAL	TICK: 159 PC:   6/0 ADDR:   9 MEM_OUT: 108 TOS: 108 SP:   1	 dup	 0x5c000000
  DEBUG   machine:simulation    STATE: ProcessorState.NORMAL	TICK: 160 PC:   7/0 ADDR:   9 MEM_OUT: 108 TOS: 108 SP:   2	 lit0	 0x4000000
  DEBUG   machine:simulation    STATE: ProcessorState.NORMAL	TICK: 161 PC:   8/0 ADDR:   9 MEM_OUT: 108 TOS:   0 SP:   3	 sub	 0x20000000
  DEBUG   machine:simulation    STATE: ProcessorState.NORMAL	TICK: 162 PC:   9/0 ADDR:   9 MEM_OUT: 108 TOS: -108 SP:   2	 lit16	 0x4000010
  DEBUG   machine:simulation    STATE: ProcessorState.NORMAL	TICK: 163 PC:  10/0 ADDR:   9 MEM_OUT: 108 TOS:  16 SP:   3	 swap	 0x58000000
  DEBUG   machine:simulation    STATE: ProcessorState.NORMAL	TICK: 164 PC:  11/0 ADDR:   9 MEM_OUT: 108 TOS: -108 SP:   3	 jz 	 0x4c000000
  DEBUG   machine:simulation    STATE: ProcessorState.NORMAL	TICK: 165 PC:  11/1 ADDR:   9 MEM_OUT: 108 TOS:  16 SP:   2	 jz 	 0x4c000000
  DEBUG   machine:simulation    STATE: ProcessorState.NORMAL	TICK: 166 PC:  12/0 ADDR:   9 MEM_OUT: 108 TOS: 108 SP:   1	 out1	 0x14000001
  DEBUG   machine:simulation    STATE: ProcessorState.NORMAL	TICK: 167 PC:  13/0 ADDR:   9 MEM_OUT: 108 TOS:   9 SP:   0	 inc	 0x2c000000
  DEBUG   machine:simulation    STATE: ProcessorState.NORMAL	TICK: 168 PC:  14/0 ADDR:   9 MEM_OUT: 108 TOS:  10 SP:   0	 lit21	 0x4000015
  DEBUG   machine:simulation    STATE: ProcessorState.NORMAL	TICK: 169 PC:  15/0 ADDR:   9 MEM_OUT: 108 TOS:  21 SP:   1	 jump	 0x44000000
  DEBUG   machine:simulation    STATE: ProcessorState.NORMAL	TICK: 170 PC:  21/0 ADDR:   9 MEM_OUT: 108 TOS:  10 SP:   0	 nop	 0x74000000
  DEBUG   machine:simulation    STATE: ProcessorState.NORMAL	TICK: 171 PC:  22/0 ADDR:   9 MEM_OUT: 108 TOS:  10 SP:   0	 lit4	 0x4000004
  DEBUG   machine:simulation    STATE: ProcessorState.NORMAL	TICK: 172 PC:  23/0 ADDR:   9 MEM_OUT: 108 TOS:   4 SP:   1	 jump	 0x44000000
  DEBUG   machine:simulation    STATE: ProcessorState.NORMAL	TICK: 173 PC:   4/0 ADDR:   9 MEM_OUT: 108 TOS:  10 SP:   0	 dup	 0x5c000000
  DEBUG   machine:simulation    STATE: ProcessorState.NORMAL	TICK: 174 PC:   5/0 ADDR:   9 MEM_OUT: 108 TOS:  10 SP:   1	 load	 0xc000000
  DEBUG   machine:simulation    STATE: ProcessorState.NORMAL	TICK: 175 PC:   5/1 ADDR:  10 MEM_OUT: 100 TOS:  10 SP:   1	 load	 0xc000000
  DEBUG   machine:simulation    STATE: ProcessorState.NORMAL	TICK: 176 PC:   6/0 ADDR:  10 MEM_OUT: 100 TOS: 100 SP:   1	 dup	 0x5c000000
  DEBUG   machine:simulation    STATE: ProcessorState.NORMAL	TICK: 177 PC:   7/0 ADDR:  10 MEM_OUT: 100 TOS: 100 SP:   2	 lit0	 0x4000000
  DEBUG   machine:simulation    STATE: ProcessorState.NORMAL	TICK: 178 PC:   8/0 ADDR:  10 MEM_OUT: 100 TOS:   0 SP:   3	 sub	 0x20000000
  DEBUG   machine:simulation    STATE: ProcessorState.NORMAL	TICK: 179 PC:   9/0 ADDR:  10 MEM_OUT: 100 TOS: -100 SP:   2	 lit16	 0x4000010
  DEBUG   machine:simulation    STATE: ProcessorState.NORMAL	TICK: 180 PC:  10/0 ADDR:  10 MEM_OUT: 100 TOS:  16 SP:   3	 swap	 0x58000000
  DEBUG   machine:simulation    STATE: ProcessorState.NORMAL	TICK: 181 PC:  11/0 ADDR:  10 MEM_OUT: 100 TOS: -100 SP:   3	 jz 	 0x4c000000
  DEBUG   machine:simulation    STATE: ProcessorState.NORMAL	TICK: 182 PC:  11/1 ADDR:  10 MEM_OUT: 100 TOS:  16 SP:   2	 jz 	 0x4c000000
  DEBUG   machine:simulation    STATE: ProcessorState.NORMAL	TICK: 183 PC:  12/0 ADDR:  10 MEM_OUT: 100 TOS: 100 SP:   1	 out1	 0x14000001
  DEBUG   machine:simulation    STATE: ProcessorState.NORMAL	TICK: 184 PC:  13/0 ADDR:  10 MEM_OUT: 100 TOS:  10 SP:   0	 inc	 0x2c000000
  DEBUG   machine:simulation    STATE: ProcessorState.NORMAL	TICK: 185 PC:  14/0 ADDR:  10 MEM_OUT: 100 TOS:  11 SP:   0	 lit21	 0x4000015
  DEBUG   machine:simulation    STATE: ProcessorState.NORMAL	TICK: 186 PC:  15/0 ADDR:  10 MEM_OUT: 100 TOS:  21 SP:   1	 jump	 0x44000000
  DEBUG   machine:simulation    STATE: ProcessorState.NORMAL	TICK: 187 PC:  21/0 ADDR:  10 MEM_OUT: 100 TOS:  11 SP:   0	 nop	 0x74000000
  DEBUG   machine:simulation    STATE: ProcessorState.NORMAL	TICK: 188 PC:  22/0 ADDR:  10 MEM_OUT: 100 TOS:  11 SP:   0	 lit4	 0x4000004
  DEBUG   machine:simulation    STATE: ProcessorState.NORMAL	TICK: 189 PC:  23/0 ADDR:  10 MEM_OUT: 100 TOS:   4 SP:   1	 jump	 0x44000000
  DEBUG   machine:simulation    STATE: ProcessorState.NORMAL	TICK: 190 PC:   4/0 ADDR:  10 MEM_OUT: 100 TOS:  11 SP:   0	 dup	 0x5c000000
  DEBUG   machine:simulation    STATE: ProcessorState.NORMAL	TICK: 191 PC:   5/0 ADDR:  10 MEM_OUT: 100 TOS:  11 SP:   1	 load	 0xc000000
  DEBUG   machine:simulation    STATE: ProcessorState.NORMAL	TICK: 192 PC:   5/1 ADDR:  11 MEM_OUT:  33 TOS:  11 SP:   1	 load	 0xc000000
  DEBUG   machine:simulation    STATE: ProcessorState.NORMAL	TICK: 193 PC:   6/0 ADDR:  11 MEM_OUT:  33 TOS:  33 SP:   1	 dup	 0x5c000000
  DEBUG   machine:simulation    STATE: ProcessorState.NORMAL	TICK: 194 PC:   7/0 ADDR:  11 MEM_OUT:  33 TOS:  33 SP:   2	 lit0	 0x4000000
  DEBUG   machine:simulation    STATE: ProcessorState.NORMAL	TICK: 195 PC:   8/0 ADDR:  11 MEM_OUT:  33 TOS:   0 SP:   3	 sub	 0x20000000
  DEBUG   machine:simulation    STATE: ProcessorState.NORMAL	TICK: 196 PC:   9/0 ADDR:  11 MEM_OUT:  33 TOS: -33 SP:   2	 lit16	 0x4000010
  DEBUG   machine:simulation    STATE: ProcessorState.NORMAL	TICK: 197 PC:  10/0 ADDR:  11 MEM_OUT:  33 TOS:  16 SP:   3	 swap	 0x58000000
  DEBUG   machine:simulation    STATE: ProcessorState.NORMAL	TICK: 198 PC:  11/0 ADDR:  11 MEM_OUT:  33 TOS: -33 SP:   3	 jz 	 0x4c000000
  DEBUG   machine:simulation    STATE: ProcessorState.NORMAL	TICK: 199 PC:  11/1 ADDR:  11 MEM_OUT:  33 TOS:  16 SP:   2	 jz 	 0x4c000000
  DEBUG   machine:simulation    STATE: ProcessorState.NORMAL	TICK: 200 PC:  12/0 ADDR:  11 MEM_OUT:  33 TOS:  33 SP:   1	 out1	 0x14000001
  DEBUG   machine:simulation    STATE: ProcessorState.NORMAL	TICK: 201 PC:  13/0 ADDR:  11 MEM_OUT:  33 TOS:  11 SP:   0	 inc	 0x2c000000
  DEBUG   machine:simulation    STATE: ProcessorState.NORMAL	TICK: 202 PC:  14/0 ADDR:  11 MEM_OUT:  33 TOS:  12 SP:   0	 lit21	 0x4000015
  DEBUG   machine:simulation    STATE: ProcessorState.NORMAL	TICK: 203 PC:  15/0 ADDR:  11 MEM_OUT:  33 TOS:  21 SP:   1	 jump	 0x44000000
  DEBUG   machine:simulation    STATE: ProcessorState.NORMAL	TICK: 204 PC:  21/0 ADDR:  11 MEM_OUT:  33 TOS:  12 SP:   0	 nop	 0x74000000
  DEBUG   machine:simulation    STATE: ProcessorState.NORMAL	TICK: 205 PC:  22/0 ADDR:  11 MEM_OUT:  33 TOS:  12 SP:   0	 lit4	 0x4000004
  DEBUG   machine:simulation    STATE: ProcessorState.NORMAL	TICK: 206 PC:  23/0 ADDR:  11 MEM_OUT:  33 TOS:   4 SP:   1	 jump	 0x44000000
  DEBUG   machine:simulation    STATE: ProcessorState.NORMAL	TICK: 207 PC:   4/0 ADDR:  11 MEM_OUT:  33 TOS:  12 SP:   0	 dup	 0x5c000000
  DEBUG   machine:simulation    STATE: ProcessorState.NORMAL	TICK: 208 PC:   5/0 ADDR:  11 MEM_OUT:  33 TOS:  12 SP:   1	 load	 0xc000000
  DEBUG   machine:simulation    STATE: ProcessorState.NORMAL	TICK: 209 PC:   5/1 ADDR:  12 MEM_OUT:   0 TOS:  12 SP:   1	 load	 0xc000000
  DEBUG   machine:simulation    STATE: ProcessorState.NORMAL	TICK: 210 PC:   6/0 ADDR:  12 MEM_OUT:   0 TOS:   0 SP:   1	 dup	 0x5c000000
  DEBUG   machine:simulation    STATE: ProcessorState.NORMAL	TICK: 211 PC:   7/0 ADDR:  12 MEM_OUT:   0 TOS:   0 SP:   2	 lit0	 0x4000000
  DEBUG   machine:simulation    STATE: ProcessorState.NORMAL	TICK: 212 PC:   8/0 ADDR:  12 MEM_OUT:   0 TOS:   0 SP:   3	 sub	 0x20000000
  DEBUG   machine:simulation    STATE: ProcessorState.NORMAL	TICK: 213 PC:   9/0 ADDR:  12 MEM_OUT:   0 TOS:   0 SP:   2	 lit16	 0x4000010
  DEBUG   machine:simulation    STATE: ProcessorState.NORMAL	TICK: 214 PC:  10/0 ADDR:  12 MEM_OUT:   0 TOS:  16 SP:   3	 swap	 0x58000000
  DEBUG   machine:simulation    STATE: ProcessorState.NORMAL	TICK: 215 PC:  11/0 ADDR:  12 MEM_OUT:   0 TOS:   0 SP:   3	 jz 	 0x4c000000
  DEBUG   machine:simulation    STATE: ProcessorState.NORMAL	TICK: 216 PC:  11/1 ADDR:  12 MEM_OUT:   0 TOS:  16 SP:   2	 jz 	 0x4c000000
  DEBUG   machine:simulation    STATE: ProcessorState.NORMAL	TICK: 217 PC:  16/0 ADDR:  12 MEM_OUT:   0 TOS:   0 SP:   1	 drop	 0x60000000
  DEBUG   machine:simulation    STATE: ProcessorState.NORMAL	TICK: 218 PC:  17/0 ADDR:  12 MEM_OUT:   0 TOS:  12 SP:   0	 lit22	 0x4000016
  DEBUG   machine:simulation    STATE: ProcessorState.NORMAL	TICK: 219 PC:  18/0 ADDR:  12 MEM_OUT:   0 TOS:  22 SP:   1	 inc	 0x2c000000
  DEBUG   machine:simulation    STATE: ProcessorState.NORMAL	TICK: 220 PC:  19/0 ADDR:  12 MEM_OUT:   0 TOS:  23 SP:   1	 inc	 0x2c000000
  DEBUG   machine:simulation    STATE: ProcessorState.NORMAL	TICK: 221 PC:  20/0 ADDR:  12 MEM_OUT:   0 TOS:  24 SP:   1	 jump	 0x44000000
  DEBUG   machine:simulation    STATE: ProcessorState.NORMAL	TICK: 222 PC:  24/0 ADDR:  12 MEM_OUT:   0 TOS:  12 SP:   0	 ret	 0x54000000
  DEBUG   machine:simulation    STATE: ProcessorState.NORMAL	TICK: 223 PC:   3/0 ADDR:  12 MEM_OUT:   0 TOS:  12 SP:   0	 halt	 0x70000000
  INFO    machine:simulation    output_buffer: 'hello world!'
  EOF
